// Jest Snapshot v1, https://goo.gl/fbAQLP

exports[`<ErrorMessage /> renders correctly 1`] = `
<ErrorMessage
  routing={
    RoutingMock {
      "breadcrumb": Array [],
      "getBreadcrumb": [MockFunction],
      "go": [MockFunction],
      "goBack": [MockFunction],
      "goBackToPage": [MockFunction],
      "goForward": [MockFunction],
      "goToPage": [MockFunction],
      "history": Object {},
      "location": Object {},
      "push": [MockFunction],
      "replace": [MockFunction],
      "splitThings": [MockFunction],
    }
  }
/>
`;
