// Jest Snapshot v1, https://goo.gl/fbAQLP

exports[`<Logo /> renders correctly 1`] = `
<ContextConsumer>
  <Component />
</ContextConsumer>
`;

exports[`<MenuButton /> renders correctly 1`] = `
<ContextConsumer>
  <Component />
</ContextConsumer>
`;

exports[`<Title /> renders correctly 1`] = `
<ContextConsumer>
  <Component />
</ContextConsumer>
`;

exports[`<Wrapper /> renders correctly 1`] = `
<ContextConsumer>
  <Component />
</ContextConsumer>
`;
