// Jest Snapshot v1, https://goo.gl/fbAQLP

exports[`<ArchetypeCard /> renders correctly 1`] = `""`;
