// Jest Snapshot v1, https://goo.gl/fbAQLP

exports[`<CardContainer /> renders correctly 1`] = `""`;
