// Jest Snapshot v1, https://goo.gl/fbAQLP

exports[`<Boundary /> renders correctly 1`] = `""`;
